// Jest Snapshot v1, https://goo.gl/fbAQLP

exports[`Search icon tests should match snapshot 1`] = `
<div>
  <div
    class="sc-bczRLJ cvhpud"
  >
    <label
      class="sc-gsnTZi edyuV"
    >
      some title
    </label>
    <label
      class="sc-dkzDqf gsjAmn"
    >
      some value
    </label>
  </div>
</div>
`;
