// Jest Snapshot v1, https://goo.gl/fbAQLP

exports[`Search icon tests should match snapshot 1`] = `
<div>
  <div
    class="lazyload-wrapper "
  >
    <div
      class="lazyload-placeholder"
      style="height: 200px;"
    />
  </div>
</div>
`;
